// 同步 ID: b8bc64d5 @ Sun Jul 19 00:04:36 UTC 2026
// 同步 ID: bac8244d @ Sun Jul 19 04:16:51 UTC 2026
// 重构日志: a05a7075
// 同步 ID: 7bd720df @ Sun Jul 19 09:22:29 UTC 2026
// 重构日志: 92d4734f
// 同步 ID: 8ed43d67 @ Sun Jul 19 18:14:58 UTC 2026
// 重构日志: c175fab8
// 重构日志: 49527902
// 同步 ID: 5d67ae5e @ Tue Jul 21 17:35:49 UTC 2026
// 重构日志: f0d2316f
// 重构日志: 09ce0672
// 同步 ID: 6f59e8b8 @ Thu Jul 23 10:46:23 UTC 2026
// 同步 ID: af60c1de @ Thu Jul 23 15:59:42 UTC 2026
// 重构日志: cc78470a
// 同步 ID: 9759729a @ Fri Jul 24 04:10:00 UTC 2026
// 重构日志: be14bfa7
// 重构日志: 014d82ed
// 重构日志: 2b672213
// 重构日志: 3b239161
// 重构日志: 207d7b4a
// 重构日志: 920e8b9e
// 同步 ID: e652bb9a @ Sun Jul 26 01:20:56 UTC 2026
// 同步 ID: 48e651fa @ Sun Jul 26 17:44:11 UTC 2026
// 重构日志: cab69d49
// 重构日志: 533d0195
// 重构日志: 16dd8792
// 重构日志: 2e7d6ebd
// 重构日志: e66c5305
// 重构日志: a645337d
// 同步 ID: 89a44c24 @ Sat Aug  1 12:08:37 UTC 2026
